2025-03-17 17:27:10,726	INFO worker.py:1841 -- Started a local Ray instance.
Map: maze0_16_16_1 requires 2 runs
Map: maze0_16_16_2 requires 2 runs
Map: maze0_32_32_2 requires 2 runs
Map: maze0_32_32_1 requires 2 runs
[36m(checkIfRunNextAgents pid=96633)[0m Finished all scens for map: maze0_16_16_1
[36m(checkIfRunNextAgents pid=96633)[0m Finished all scens for map: maze0_16_16_2
[36m(checkIfRunNextAgents pid=96633)[0m Finished all scens for map: maze0_32_32_2
------------ Finished eecbs Calls in :15.444 seconds
[36m(checkIfRunNextAgents pid=96633)[0m Finished all scens for map: maze0_32_32_1
------------ Finished Data Manipulator in :38.496 seconds
Maze generated in 0.0316s
Scen start goal pairs generated in 0.0251s
Octile BFS skipped
Maze generated in 0.0007s
Scen start goal pairs generated in 0.0054s
Octile BFS skipped
Maze generated in 0.0063s
Scen start goal pairs generated in 0.0330s
Octile BFS skipped
Maze generated in 0.0030s
Scen start goal pairs generated in 0.0497s
Octile BFS skipped
Maps and scens in /ocean/projects/cis240049p/mliu13/data/maze_benchmark_data
Running constants_generator.py...
Done.

