2025-04-03 14:32:51,662	INFO worker.py:1841 -- Started a local Ray instance.
Map: maze32b_32_32_1 requires 1 runs
Map: room32a_32_32_1 requires 1 runs
Map: maze16a_16_16_1 requires 1 runs
Map: maze32a_32_32_1 requires 1 runs
Map: maze16b_16_16_1 requires 1 runs
Map: room32b_32_32_1 requires 1 runs
Map: room16a_16_16_1 requires 1 runs
Map: room16b_16_16_1 requires 1 runs
[36m(checkIfRunNextAgents pid=80931)[0m Finished all scens for map: maze32b_32_32_1
[36m(checkIfRunNextAgents pid=80931)[0m Finished all scens for map: room32a_32_32_1
[36m(checkIfRunNextAgents pid=80931)[0m Finished all scens for map: maze16a_16_16_1
[36m(checkIfRunNextAgents pid=80931)[0m Finished all scens for map: maze32a_32_32_1
[36m(checkIfRunNextAgents pid=80931)[0m Finished all scens for map: maze16b_16_16_1
[36m(checkIfRunNextAgents pid=80931)[0m Finished all scens for map: room32b_32_32_1
[36m(checkIfRunNextAgents pid=80931)[0m Finished all scens for map: room16a_16_16_1
[36m(checkIfRunNextAgents pid=80931)[0m Finished all scens for map: room16b_16_16_1
------------ Finished eecbs Calls in :209.760 seconds
------------ Finished Data Manipulator in :283.116 seconds
Maze generated in 0.1219s
Scen start goal pairs generated in 0.0179s
Octile BFS skipped
Maze generated in 0.0017s
Scen start goal pairs generated in 0.0023s
Octile BFS skipped
Maze generated in 0.0065s
Scen start goal pairs generated in 0.0160s
Octile BFS skipped
Maze generated in 0.0064s
Scen start goal pairs generated in 0.0161s
Octile BFS skipped
Rooms generated in 0.0005s
Scen start goal pairs generated in 0.0029s
Octile BFS skipped
Rooms generated in 0.0005s
Scen start goal pairs generated in 0.0029s
Octile BFS skipped
Rooms generated in 0.0018s
Scen start goal pairs generated in 0.0229s
Octile BFS skipped
Rooms generated in 0.0018s
Scen start goal pairs generated in 0.0228s
Octile BFS skipped
Maps and scens in /ocean/projects/cis240049p/mliu13/data/maze_benchmark_data
Running constants_generator.py...
Done.

